// Jest Snapshot v1, https://goo.gl/fbAQLP

exports[`Article card match with snapshot 1`] = `true`;
